Archive member included because of file (symbol)

C:/NXP/S32DS_ARM_v2.2/S32DS/build_tools/gcc_v4.9/arm_ewl2/lib/armv7e-m\libc99.a(exit.o)
                              C:/NXP/S32DS_ARM_v2.2/S32DS/build_tools/gcc_v4.9/arm_ewl2/lib/armv7e-m/__arm_start.o (exit)
C:/NXP/S32DS_ARM_v2.2/S32DS/build_tools/gcc_v4.9/arm_ewl2/lib/armv7e-m\libc99.a(memset.o)
                              C:/NXP/S32DS_ARM_v2.2/S32DS/build_tools/gcc_v4.9/arm_ewl2/lib/armv7e-m/__arm_start.o (memset)
C:/NXP/S32DS_ARM_v2.2/S32DS/build_tools/gcc_v4.9/arm_ewl2/lib/armv7e-m\libc99.a(__filll_mem.o)
                              C:/NXP/S32DS_ARM_v2.2/S32DS/build_tools/gcc_v4.9/arm_ewl2/lib/armv7e-m\libc99.a(memset.o) (__fill_mem)
c:/nxp/s32ds_arm_v2.2/s32ds/build_tools/gcc_v4.9/gcc-arm-none-eabi-4_9/bin/../lib/gcc/arm-none-eabi/4.9.3/armv7e-m\libgcc.a(_arm_addsubsf3.o)
                              ./src/main.o (__aeabi_fadd)
c:/nxp/s32ds_arm_v2.2/s32ds/build_tools/gcc_v4.9/gcc-arm-none-eabi-4_9/bin/../lib/gcc/arm-none-eabi/4.9.3/armv7e-m\libgcc.a(_arm_muldivsf3.o)
                              ./src/main.o (__aeabi_fmul)
c:/nxp/s32ds_arm_v2.2/s32ds/build_tools/gcc_v4.9/gcc-arm-none-eabi-4_9/bin/../lib/gcc/arm-none-eabi/4.9.3/armv7e-m\libgcc.a(_arm_fixunssfsi.o)
                              ./src/main.o (__aeabi_f2uiz)
C:/NXP/S32DS_ARM_v2.2/S32DS/build_tools/gcc_v4.9/arm_ewl2/lib/armv7e-m\librt.a(gcc_ctor_dtor.o)
                              C:/NXP/S32DS_ARM_v2.2/S32DS/build_tools/gcc_v4.9/arm_ewl2/lib/armv7e-m/__arm_start.o (__init_cpp)
C:/NXP/S32DS_ARM_v2.2/S32DS/build_tools/gcc_v4.9/arm_ewl2/lib/armv7e-m\librt.a(__arm_eabi_init.o)
                              C:/NXP/S32DS_ARM_v2.2/S32DS/build_tools/gcc_v4.9/arm_ewl2/lib/armv7e-m\libc99.a(exit.o) (__destroy_global_chain)
C:/NXP/S32DS_ARM_v2.2/S32DS/build_tools/gcc_v4.9/arm_ewl2/lib/armv7e-m\librt.a(ROMCopy.o)
                              C:/NXP/S32DS_ARM_v2.2/S32DS/build_tools/gcc_v4.9/arm_ewl2/lib/armv7e-m/__arm_start.o (__copy_rom_sections_to_ram)

Allocating common symbols
Common symbol       size              file

dataByteHigh_Bin    0x8               ./src/main.o
dataByteLow_Bin     0x8               ./src/main.o

Discarded input sections

 .text          0x00000000        0x0 C:/NXP/S32DS_ARM_v2.2/S32DS/build_tools/gcc_v4.9/arm_ewl2/lib/armv7e-m/__arm_start.o
 .data          0x00000000        0x0 C:/NXP/S32DS_ARM_v2.2/S32DS/build_tools/gcc_v4.9/arm_ewl2/lib/armv7e-m/__arm_start.o
 .bss           0x00000000        0x0 C:/NXP/S32DS_ARM_v2.2/S32DS/build_tools/gcc_v4.9/arm_ewl2/lib/armv7e-m/__arm_start.o
 .text.__thumb_startup
                0x00000000       0x3c C:/NXP/S32DS_ARM_v2.2/S32DS/build_tools/gcc_v4.9/arm_ewl2/lib/armv7e-m/__arm_start.o
 .text.__iar_program_start
                0x00000000        0x4 C:/NXP/S32DS_ARM_v2.2/S32DS/build_tools/gcc_v4.9/arm_ewl2/lib/armv7e-m/__arm_start.o
 .bss.argv      0x00000000        0x4 C:/NXP/S32DS_ARM_v2.2/S32DS/build_tools/gcc_v4.9/arm_ewl2/lib/armv7e-m/__arm_start.o
 .debug_info    0x00000000      0x144 C:/NXP/S32DS_ARM_v2.2/S32DS/build_tools/gcc_v4.9/arm_ewl2/lib/armv7e-m/__arm_start.o
 .debug_abbrev  0x00000000       0xc0 C:/NXP/S32DS_ARM_v2.2/S32DS/build_tools/gcc_v4.9/arm_ewl2/lib/armv7e-m/__arm_start.o
 .debug_aranges
                0x00000000       0x28 C:/NXP/S32DS_ARM_v2.2/S32DS/build_tools/gcc_v4.9/arm_ewl2/lib/armv7e-m/__arm_start.o
 .debug_line    0x00000000       0x68 C:/NXP/S32DS_ARM_v2.2/S32DS/build_tools/gcc_v4.9/arm_ewl2/lib/armv7e-m/__arm_start.o
 .debug_str     0x00000000      0x279 C:/NXP/S32DS_ARM_v2.2/S32DS/build_tools/gcc_v4.9/arm_ewl2/lib/armv7e-m/__arm_start.o
 .comment       0x00000000       0x71 C:/NXP/S32DS_ARM_v2.2/S32DS/build_tools/gcc_v4.9/arm_ewl2/lib/armv7e-m/__arm_start.o
 .debug_frame   0x00000000       0x30 C:/NXP/S32DS_ARM_v2.2/S32DS/build_tools/gcc_v4.9/arm_ewl2/lib/armv7e-m/__arm_start.o
 .ARM.attributes
                0x00000000       0x33 C:/NXP/S32DS_ARM_v2.2/S32DS/build_tools/gcc_v4.9/arm_ewl2/lib/armv7e-m/__arm_start.o
 .group         0x00000000        0x8 ./Project_Settings/Startup_Code/startup.o
 .group         0x00000000        0x8 ./Project_Settings/Startup_Code/startup.o
 .group         0x00000000        0x8 ./Project_Settings/Startup_Code/startup.o
 .group         0x00000000        0x8 ./Project_Settings/Startup_Code/startup.o
 .group         0x00000000        0x8 ./Project_Settings/Startup_Code/startup.o
 .group         0x00000000        0x8 ./Project_Settings/Startup_Code/startup.o
 .group         0x00000000        0x8 ./Project_Settings/Startup_Code/startup.o
 .group         0x00000000        0x8 ./Project_Settings/Startup_Code/startup.o
 .group         0x00000000        0x8 ./Project_Settings/Startup_Code/startup.o
 .group         0x00000000        0x8 ./Project_Settings/Startup_Code/startup.o
 .group         0x00000000        0x8 ./Project_Settings/Startup_Code/startup.o
 .group         0x00000000        0x8 ./Project_Settings/Startup_Code/startup.o
 .group         0x00000000        0x8 ./Project_Settings/Startup_Code/startup.o
 .group         0x00000000        0x8 ./Project_Settings/Startup_Code/startup.o
 .group         0x00000000        0x8 ./Project_Settings/Startup_Code/startup.o
 .group         0x00000000        0x8 ./Project_Settings/Startup_Code/startup.o
 .group         0x00000000        0x8 ./Project_Settings/Startup_Code/startup.o
 .group         0x00000000        0x8 ./Project_Settings/Startup_Code/startup.o
 .text          0x00000000        0x0 ./Project_Settings/Startup_Code/startup.o
 .data          0x00000000        0x0 ./Project_Settings/Startup_Code/startup.o
 .bss           0x00000000        0x0 ./Project_Settings/Startup_Code/startup.o
 .data          0x00000000        0x0 ./Project_Settings/Startup_Code/startup_S32K146.o
 .bss           0x00000000        0x0 ./Project_Settings/Startup_Code/startup_S32K146.o
 .group         0x00000000        0x8 ./Project_Settings/Startup_Code/system_S32K146.o
 .group         0x00000000        0x8 ./Project_Settings/Startup_Code/system_S32K146.o
 .group         0x00000000        0x8 ./Project_Settings/Startup_Code/system_S32K146.o
 .group         0x00000000        0x8 ./Project_Settings/Startup_Code/system_S32K146.o
 .group         0x00000000        0x8 ./Project_Settings/Startup_Code/system_S32K146.o
 .group         0x00000000        0x8 ./Project_Settings/Startup_Code/system_S32K146.o
 .group         0x00000000        0x8 ./Project_Settings/Startup_Code/system_S32K146.o
 .group         0x00000000        0x8 ./Project_Settings/Startup_Code/system_S32K146.o
 .group         0x00000000        0x8 ./Project_Settings/Startup_Code/system_S32K146.o
 .group         0x00000000        0x8 ./Project_Settings/Startup_Code/system_S32K146.o
 .group         0x00000000        0x8 ./Project_Settings/Startup_Code/system_S32K146.o
 .group         0x00000000        0x8 ./Project_Settings/Startup_Code/system_S32K146.o
 .group         0x00000000        0x8 ./Project_Settings/Startup_Code/system_S32K146.o
 .group         0x00000000        0x8 ./Project_Settings/Startup_Code/system_S32K146.o
 .group         0x00000000        0x8 ./Project_Settings/Startup_Code/system_S32K146.o
 .group         0x00000000        0x8 ./Project_Settings/Startup_Code/system_S32K146.o
 .group         0x00000000        0x8 ./Project_Settings/Startup_Code/system_S32K146.o
 .group         0x00000000        0x8 ./Project_Settings/Startup_Code/system_S32K146.o
 .group         0x00000000        0x8 ./Project_Settings/Startup_Code/system_S32K146.o
 .text          0x00000000        0x0 ./Project_Settings/Startup_Code/system_S32K146.o
 .data          0x00000000        0x0 ./Project_Settings/Startup_Code/system_S32K146.o
 .bss           0x00000000        0x0 ./Project_Settings/Startup_Code/system_S32K146.o
 .data.SystemCoreClock
                0x00000000        0x4 ./Project_Settings/Startup_Code/system_S32K146.o
 .text.SystemCoreClockUpdate
                0x00000000       0xf4 ./Project_Settings/Startup_Code/system_S32K146.o
 .text.SystemSoftwareReset
                0x00000000       0x40 ./Project_Settings/Startup_Code/system_S32K146.o
 .rodata.fircFreq.5189
                0x00000000       0x10 ./Project_Settings/Startup_Code/system_S32K146.o
 .debug_macro   0x00000000      0x868 ./Project_Settings/Startup_Code/system_S32K146.o
 .debug_macro   0x00000000       0x52 ./Project_Settings/Startup_Code/system_S32K146.o
 .debug_macro   0x00000000       0xa0 ./Project_Settings/Startup_Code/system_S32K146.o
 .debug_macro   0x00000000       0x16 ./Project_Settings/Startup_Code/system_S32K146.o
 .debug_macro   0x00000000       0x10 ./Project_Settings/Startup_Code/system_S32K146.o
 .debug_macro   0x00000000       0x6d ./Project_Settings/Startup_Code/system_S32K146.o
 .debug_macro   0x00000000       0x16 ./Project_Settings/Startup_Code/system_S32K146.o
 .debug_macro   0x00000000       0x5e ./Project_Settings/Startup_Code/system_S32K146.o
 .debug_macro   0x00000000      0x185 ./Project_Settings/Startup_Code/system_S32K146.o
 .debug_macro   0x00000000      0x147 ./Project_Settings/Startup_Code/system_S32K146.o
 .debug_macro   0x00000000       0x9d ./Project_Settings/Startup_Code/system_S32K146.o
 .debug_macro   0x00000000       0x10 ./Project_Settings/Startup_Code/system_S32K146.o
 .debug_macro   0x00000000      0x15b ./Project_Settings/Startup_Code/system_S32K146.o
 .debug_macro   0x00000000       0x28 ./Project_Settings/Startup_Code/system_S32K146.o
 .debug_macro   0x00000000       0x58 ./Project_Settings/Startup_Code/system_S32K146.o
 .debug_macro   0x00000000     0xeeef ./Project_Settings/Startup_Code/system_S32K146.o
 .debug_macro   0x00000000      0xa11 ./Project_Settings/Startup_Code/system_S32K146.o
 .debug_macro   0x00000000       0x22 ./Project_Settings/Startup_Code/system_S32K146.o
 .group         0x00000000        0x8 ./src/main.o
 .group         0x00000000        0x8 ./src/main.o
 .group         0x00000000        0x8 ./src/main.o
 .group         0x00000000        0x8 ./src/main.o
 .group         0x00000000        0x8 ./src/main.o
 .group         0x00000000        0x8 ./src/main.o
 .group         0x00000000        0x8 ./src/main.o
 .group         0x00000000        0x8 ./src/main.o
 .group         0x00000000        0x8 ./src/main.o
 .group         0x00000000        0x8 ./src/main.o
 .group         0x00000000        0x8 ./src/main.o
 .group         0x00000000        0x8 ./src/main.o
 .group         0x00000000        0x8 ./src/main.o
 .group         0x00000000        0x8 ./src/main.o
 .group         0x00000000        0x8 ./src/main.o
 .group         0x00000000        0x8 ./src/main.o
 .group         0x00000000        0x8 ./src/main.o
 .group         0x00000000        0x8 ./src/main.o
 .text          0x00000000        0x0 ./src/main.o
 .data          0x00000000        0x0 ./src/main.o
 .bss           0x00000000        0x0 ./src/main.o
 .text.StopI2C_YYS
                0x00000000       0x50 ./src/main.o
 .bss.Temperature
                0x00000000        0x4 ./src/main.o
 .bss.Vin       0x00000000        0x4 ./src/main.o
 .bss.Vout      0x00000000        0x4 ./src/main.o
 .bss.Iout      0x00000000        0x4 ./src/main.o
 .bss.SendHigh  0x00000000        0x1 ./src/main.o
 .bss.SendLow   0x00000000        0x1 ./src/main.o
 .debug_macro   0x00000000      0x868 ./src/main.o
 .debug_macro   0x00000000       0x52 ./src/main.o
 .debug_macro   0x00000000       0xa0 ./src/main.o
 .debug_macro   0x00000000       0x16 ./src/main.o
 .debug_macro   0x00000000       0x10 ./src/main.o
 .debug_macro   0x00000000       0x6d ./src/main.o
 .debug_macro   0x00000000       0x16 ./src/main.o
 .debug_macro   0x00000000       0x5e ./src/main.o
 .debug_macro   0x00000000      0x185 ./src/main.o
 .debug_macro   0x00000000      0x147 ./src/main.o
 .debug_macro   0x00000000       0x9d ./src/main.o
 .debug_macro   0x00000000       0x10 ./src/main.o
 .debug_macro   0x00000000      0x15b ./src/main.o
 .debug_macro   0x00000000       0x28 ./src/main.o
 .debug_macro   0x00000000       0x58 ./src/main.o
 .debug_macro   0x00000000     0xeeef ./src/main.o
 .debug_macro   0x00000000      0xa11 ./src/main.o
 .debug_macro   0x00000000       0x22 ./src/main.o
 .text          0x00000000        0x0 C:/NXP/S32DS_ARM_v2.2/S32DS/build_tools/gcc_v4.9/arm_ewl2/lib/armv7e-m\libc99.a(exit.o)
 .data          0x00000000        0x0 C:/NXP/S32DS_ARM_v2.2/S32DS/build_tools/gcc_v4.9/arm_ewl2/lib/armv7e-m\libc99.a(exit.o)
 .bss           0x00000000        0x0 C:/NXP/S32DS_ARM_v2.2/S32DS/build_tools/gcc_v4.9/arm_ewl2/lib/armv7e-m\libc99.a(exit.o)
 .text.exit     0x00000000       0x38 C:/NXP/S32DS_ARM_v2.2/S32DS/build_tools/gcc_v4.9/arm_ewl2/lib/armv7e-m\libc99.a(exit.o)
 .text._Exit    0x00000000        0x4 C:/NXP/S32DS_ARM_v2.2/S32DS/build_tools/gcc_v4.9/arm_ewl2/lib/armv7e-m\libc99.a(exit.o)
 .bss.__stdio_exit
                0x00000000        0x4 C:/NXP/S32DS_ARM_v2.2/S32DS/build_tools/gcc_v4.9/arm_ewl2/lib/armv7e-m\libc99.a(exit.o)
 .bss.__console_exit
                0x00000000        0x4 C:/NXP/S32DS_ARM_v2.2/S32DS/build_tools/gcc_v4.9/arm_ewl2/lib/armv7e-m\libc99.a(exit.o)
 .debug_info    0x00000000      0x111 C:/NXP/S32DS_ARM_v2.2/S32DS/build_tools/gcc_v4.9/arm_ewl2/lib/armv7e-m\libc99.a(exit.o)
 .debug_abbrev  0x00000000       0x91 C:/NXP/S32DS_ARM_v2.2/S32DS/build_tools/gcc_v4.9/arm_ewl2/lib/armv7e-m\libc99.a(exit.o)
 .debug_loc     0x00000000       0x5d C:/NXP/S32DS_ARM_v2.2/S32DS/build_tools/gcc_v4.9/arm_ewl2/lib/armv7e-m\libc99.a(exit.o)
 .debug_aranges
                0x00000000       0x28 C:/NXP/S32DS_ARM_v2.2/S32DS/build_tools/gcc_v4.9/arm_ewl2/lib/armv7e-m\libc99.a(exit.o)
 .debug_line    0x00000000       0xa4 C:/NXP/S32DS_ARM_v2.2/S32DS/build_tools/gcc_v4.9/arm_ewl2/lib/armv7e-m\libc99.a(exit.o)
 .debug_str     0x00000000      0x245 C:/NXP/S32DS_ARM_v2.2/S32DS/build_tools/gcc_v4.9/arm_ewl2/lib/armv7e-m\libc99.a(exit.o)
 .comment       0x00000000       0x71 C:/NXP/S32DS_ARM_v2.2/S32DS/build_tools/gcc_v4.9/arm_ewl2/lib/armv7e-m\libc99.a(exit.o)
 .debug_frame   0x00000000       0x3c C:/NXP/S32DS_ARM_v2.2/S32DS/build_tools/gcc_v4.9/arm_ewl2/lib/armv7e-m\libc99.a(exit.o)
 .ARM.attributes
                0x00000000       0x33 C:/NXP/S32DS_ARM_v2.2/S32DS/build_tools/gcc_v4.9/arm_ewl2/lib/armv7e-m\libc99.a(exit.o)
 .text          0x00000000        0x0 C:/NXP/S32DS_ARM_v2.2/S32DS/build_tools/gcc_v4.9/arm_ewl2/lib/armv7e-m\libc99.a(memset.o)
 .data          0x00000000        0x0 C:/NXP/S32DS_ARM_v2.2/S32DS/build_tools/gcc_v4.9/arm_ewl2/lib/armv7e-m\libc99.a(memset.o)
 .bss           0x00000000        0x0 C:/NXP/S32DS_ARM_v2.2/S32DS/build_tools/gcc_v4.9/arm_ewl2/lib/armv7e-m\libc99.a(memset.o)
 .text.memset   0x00000000        0xc C:/NXP/S32DS_ARM_v2.2/S32DS/build_tools/gcc_v4.9/arm_ewl2/lib/armv7e-m\libc99.a(memset.o)
 .debug_info    0x00000000       0xec C:/NXP/S32DS_ARM_v2.2/S32DS/build_tools/gcc_v4.9/arm_ewl2/lib/armv7e-m\libc99.a(memset.o)
 .debug_abbrev  0x00000000       0x62 C:/NXP/S32DS_ARM_v2.2/S32DS/build_tools/gcc_v4.9/arm_ewl2/lib/armv7e-m\libc99.a(memset.o)
 .debug_loc     0x00000000       0x64 C:/NXP/S32DS_ARM_v2.2/S32DS/build_tools/gcc_v4.9/arm_ewl2/lib/armv7e-m\libc99.a(memset.o)
 .debug_aranges
                0x00000000       0x20 C:/NXP/S32DS_ARM_v2.2/S32DS/build_tools/gcc_v4.9/arm_ewl2/lib/armv7e-m\libc99.a(memset.o)
 .debug_line    0x00000000       0x8f C:/NXP/S32DS_ARM_v2.2/S32DS/build_tools/gcc_v4.9/arm_ewl2/lib/armv7e-m\libc99.a(memset.o)
 .debug_str     0x00000000      0x228 C:/NXP/S32DS_ARM_v2.2/S32DS/build_tools/gcc_v4.9/arm_ewl2/lib/armv7e-m\libc99.a(memset.o)
 .comment       0x00000000       0x71 C:/NXP/S32DS_ARM_v2.2/S32DS/build_tools/gcc_v4.9/arm_ewl2/lib/armv7e-m\libc99.a(memset.o)
 .debug_frame   0x00000000       0x28 C:/NXP/S32DS_ARM_v2.2/S32DS/build_tools/gcc_v4.9/arm_ewl2/lib/armv7e-m\libc99.a(memset.o)
 .ARM.attributes
                0x00000000       0x33 C:/NXP/S32DS_ARM_v2.2/S32DS/build_tools/gcc_v4.9/arm_ewl2/lib/armv7e-m\libc99.a(memset.o)
 .text          0x00000000        0x0 C:/NXP/S32DS_ARM_v2.2/S32DS/build_tools/gcc_v4.9/arm_ewl2/lib/armv7e-m\libc99.a(__filll_mem.o)
 .data          0x00000000        0x0 C:/NXP/S32DS_ARM_v2.2/S32DS/build_tools/gcc_v4.9/arm_ewl2/lib/armv7e-m\libc99.a(__filll_mem.o)
 .bss           0x00000000        0x0 C:/NXP/S32DS_ARM_v2.2/S32DS/build_tools/gcc_v4.9/arm_ewl2/lib/armv7e-m\libc99.a(__filll_mem.o)
 .text.__fill_mem
                0x00000000       0x7a C:/NXP/S32DS_ARM_v2.2/S32DS/build_tools/gcc_v4.9/arm_ewl2/lib/armv7e-m\libc99.a(__filll_mem.o)
 .debug_info    0x00000000      0x137 C:/NXP/S32DS_ARM_v2.2/S32DS/build_tools/gcc_v4.9/arm_ewl2/lib/armv7e-m\libc99.a(__filll_mem.o)
 .debug_abbrev  0x00000000       0x78 C:/NXP/S32DS_ARM_v2.2/S32DS/build_tools/gcc_v4.9/arm_ewl2/lib/armv7e-m\libc99.a(__filll_mem.o)
 .debug_loc     0x00000000      0x16b C:/NXP/S32DS_ARM_v2.2/S32DS/build_tools/gcc_v4.9/arm_ewl2/lib/armv7e-m\libc99.a(__filll_mem.o)
 .debug_aranges
                0x00000000       0x20 C:/NXP/S32DS_ARM_v2.2/S32DS/build_tools/gcc_v4.9/arm_ewl2/lib/armv7e-m\libc99.a(__filll_mem.o)
 .debug_line    0x00000000       0xb2 C:/NXP/S32DS_ARM_v2.2/S32DS/build_tools/gcc_v4.9/arm_ewl2/lib/armv7e-m\libc99.a(__filll_mem.o)
 .debug_str     0x00000000      0x23a C:/NXP/S32DS_ARM_v2.2/S32DS/build_tools/gcc_v4.9/arm_ewl2/lib/armv7e-m\libc99.a(__filll_mem.o)
 .comment       0x00000000       0x71 C:/NXP/S32DS_ARM_v2.2/S32DS/build_tools/gcc_v4.9/arm_ewl2/lib/armv7e-m\libc99.a(__filll_mem.o)
 .debug_frame   0x00000000       0x28 C:/NXP/S32DS_ARM_v2.2/S32DS/build_tools/gcc_v4.9/arm_ewl2/lib/armv7e-m\libc99.a(__filll_mem.o)
 .ARM.attributes
                0x00000000       0x33 C:/NXP/S32DS_ARM_v2.2/S32DS/build_tools/gcc_v4.9/arm_ewl2/lib/armv7e-m\libc99.a(__filll_mem.o)
 .data          0x00000000        0x0 c:/nxp/s32ds_arm_v2.2/s32ds/build_tools/gcc_v4.9/gcc-arm-none-eabi-4_9/bin/../lib/gcc/arm-none-eabi/4.9.3/armv7e-m\libgcc.a(_arm_addsubsf3.o)
 .bss           0x00000000        0x0 c:/nxp/s32ds_arm_v2.2/s32ds/build_tools/gcc_v4.9/gcc-arm-none-eabi-4_9/bin/../lib/gcc/arm-none-eabi/4.9.3/armv7e-m\libgcc.a(_arm_addsubsf3.o)
 .data          0x00000000        0x0 c:/nxp/s32ds_arm_v2.2/s32ds/build_tools/gcc_v4.9/gcc-arm-none-eabi-4_9/bin/../lib/gcc/arm-none-eabi/4.9.3/armv7e-m\libgcc.a(_arm_muldivsf3.o)
 .bss           0x00000000        0x0 c:/nxp/s32ds_arm_v2.2/s32ds/build_tools/gcc_v4.9/gcc-arm-none-eabi-4_9/bin/../lib/gcc/arm-none-eabi/4.9.3/armv7e-m\libgcc.a(_arm_muldivsf3.o)
 .data          0x00000000        0x0 c:/nxp/s32ds_arm_v2.2/s32ds/build_tools/gcc_v4.9/gcc-arm-none-eabi-4_9/bin/../lib/gcc/arm-none-eabi/4.9.3/armv7e-m\libgcc.a(_arm_fixunssfsi.o)
 .bss           0x00000000        0x0 c:/nxp/s32ds_arm_v2.2/s32ds/build_tools/gcc_v4.9/gcc-arm-none-eabi-4_9/bin/../lib/gcc/arm-none-eabi/4.9.3/armv7e-m\libgcc.a(_arm_fixunssfsi.o)
 .text          0x00000000        0x0 C:/NXP/S32DS_ARM_v2.2/S32DS/build_tools/gcc_v4.9/arm_ewl2/lib/armv7e-m\librt.a(gcc_ctor_dtor.o)
 .data          0x00000000        0x0 C:/NXP/S32DS_ARM_v2.2/S32DS/build_tools/gcc_v4.9/arm_ewl2/lib/armv7e-m\librt.a(gcc_ctor_dtor.o)
 .bss           0x00000000        0x0 C:/NXP/S32DS_ARM_v2.2/S32DS/build_tools/gcc_v4.9/arm_ewl2/lib/armv7e-m\librt.a(gcc_ctor_dtor.o)
 .text.__init_cpp
                0x00000000       0x4c C:/NXP/S32DS_ARM_v2.2/S32DS/build_tools/gcc_v4.9/arm_ewl2/lib/armv7e-m\librt.a(gcc_ctor_dtor.o)
 .text.__fini_cpp
                0x00000000       0x34 C:/NXP/S32DS_ARM_v2.2/S32DS/build_tools/gcc_v4.9/arm_ewl2/lib/armv7e-m\librt.a(gcc_ctor_dtor.o)
 .bss.__dso_handle
                0x00000000        0x4 C:/NXP/S32DS_ARM_v2.2/S32DS/build_tools/gcc_v4.9/arm_ewl2/lib/armv7e-m\librt.a(gcc_ctor_dtor.o)
 .debug_info    0x00000000      0x136 C:/NXP/S32DS_ARM_v2.2/S32DS/build_tools/gcc_v4.9/arm_ewl2/lib/armv7e-m\librt.a(gcc_ctor_dtor.o)
 .debug_abbrev  0x00000000       0x99 C:/NXP/S32DS_ARM_v2.2/S32DS/build_tools/gcc_v4.9/arm_ewl2/lib/armv7e-m\librt.a(gcc_ctor_dtor.o)
 .debug_loc     0x00000000       0x9d C:/NXP/S32DS_ARM_v2.2/S32DS/build_tools/gcc_v4.9/arm_ewl2/lib/armv7e-m\librt.a(gcc_ctor_dtor.o)
 .debug_aranges
                0x00000000       0x28 C:/NXP/S32DS_ARM_v2.2/S32DS/build_tools/gcc_v4.9/arm_ewl2/lib/armv7e-m\librt.a(gcc_ctor_dtor.o)
 .debug_line    0x00000000       0x64 C:/NXP/S32DS_ARM_v2.2/S32DS/build_tools/gcc_v4.9/arm_ewl2/lib/armv7e-m\librt.a(gcc_ctor_dtor.o)
 .debug_str     0x00000000      0x28a C:/NXP/S32DS_ARM_v2.2/S32DS/build_tools/gcc_v4.9/arm_ewl2/lib/armv7e-m\librt.a(gcc_ctor_dtor.o)
 .comment       0x00000000       0x71 C:/NXP/S32DS_ARM_v2.2/S32DS/build_tools/gcc_v4.9/arm_ewl2/lib/armv7e-m\librt.a(gcc_ctor_dtor.o)
 .debug_frame   0x00000000       0x40 C:/NXP/S32DS_ARM_v2.2/S32DS/build_tools/gcc_v4.9/arm_ewl2/lib/armv7e-m\librt.a(gcc_ctor_dtor.o)
 .ARM.attributes
                0x00000000       0x33 C:/NXP/S32DS_ARM_v2.2/S32DS/build_tools/gcc_v4.9/arm_ewl2/lib/armv7e-m\librt.a(gcc_ctor_dtor.o)
 .text          0x00000000        0x0 C:/NXP/S32DS_ARM_v2.2/S32DS/build_tools/gcc_v4.9/arm_ewl2/lib/armv7e-m\librt.a(__arm_eabi_init.o)
 .data          0x00000000        0x0 C:/NXP/S32DS_ARM_v2.2/S32DS/build_tools/gcc_v4.9/arm_ewl2/lib/armv7e-m\librt.a(__arm_eabi_init.o)
 .bss           0x00000000        0x0 C:/NXP/S32DS_ARM_v2.2/S32DS/build_tools/gcc_v4.9/arm_ewl2/lib/armv7e-m\librt.a(__arm_eabi_init.o)
 .text.__destroy_global_chain
                0x00000000       0x18 C:/NXP/S32DS_ARM_v2.2/S32DS/build_tools/gcc_v4.9/arm_ewl2/lib/armv7e-m\librt.a(__arm_eabi_init.o)
 .text.__register_global_object
                0x00000000       0x14 C:/NXP/S32DS_ARM_v2.2/S32DS/build_tools/gcc_v4.9/arm_ewl2/lib/armv7e-m\librt.a(__arm_eabi_init.o)
 .text.__cxa_atexit
                0x00000000       0x38 C:/NXP/S32DS_ARM_v2.2/S32DS/build_tools/gcc_v4.9/arm_ewl2/lib/armv7e-m\librt.a(__arm_eabi_init.o)
 .text.__aeabi_atexit
                0x00000000        0xa C:/NXP/S32DS_ARM_v2.2/S32DS/build_tools/gcc_v4.9/arm_ewl2/lib/armv7e-m\librt.a(__arm_eabi_init.o)
 .text.__register_atexit
                0x00000000        0x8 C:/NXP/S32DS_ARM_v2.2/S32DS/build_tools/gcc_v4.9/arm_ewl2/lib/armv7e-m\librt.a(__arm_eabi_init.o)
 .text.__init_registers
                0x00000000       0x20 C:/NXP/S32DS_ARM_v2.2/S32DS/build_tools/gcc_v4.9/arm_ewl2/lib/armv7e-m\librt.a(__arm_eabi_init.o)
 .text.__init_hardware
                0x00000000        0x4 C:/NXP/S32DS_ARM_v2.2/S32DS/build_tools/gcc_v4.9/arm_ewl2/lib/armv7e-m\librt.a(__arm_eabi_init.o)
 .text.__init_user
                0x00000000        0x4 C:/NXP/S32DS_ARM_v2.2/S32DS/build_tools/gcc_v4.9/arm_ewl2/lib/armv7e-m\librt.a(__arm_eabi_init.o)
 .bss.atexit_curr_func
                0x00000000        0x4 C:/NXP/S32DS_ARM_v2.2/S32DS/build_tools/gcc_v4.9/arm_ewl2/lib/armv7e-m\librt.a(__arm_eabi_init.o)
 .bss.atexit_funcs
                0x00000000      0x300 C:/NXP/S32DS_ARM_v2.2/S32DS/build_tools/gcc_v4.9/arm_ewl2/lib/armv7e-m\librt.a(__arm_eabi_init.o)
 .bss.__global_destructor_chain
                0x00000000        0x4 C:/NXP/S32DS_ARM_v2.2/S32DS/build_tools/gcc_v4.9/arm_ewl2/lib/armv7e-m\librt.a(__arm_eabi_init.o)
 .debug_info    0x00000000      0x2b3 C:/NXP/S32DS_ARM_v2.2/S32DS/build_tools/gcc_v4.9/arm_ewl2/lib/armv7e-m\librt.a(__arm_eabi_init.o)
 .debug_abbrev  0x00000000      0x1d3 C:/NXP/S32DS_ARM_v2.2/S32DS/build_tools/gcc_v4.9/arm_ewl2/lib/armv7e-m\librt.a(__arm_eabi_init.o)
 .debug_loc     0x00000000      0x144 C:/NXP/S32DS_ARM_v2.2/S32DS/build_tools/gcc_v4.9/arm_ewl2/lib/armv7e-m\librt.a(__arm_eabi_init.o)
 .debug_aranges
                0x00000000       0x58 C:/NXP/S32DS_ARM_v2.2/S32DS/build_tools/gcc_v4.9/arm_ewl2/lib/armv7e-m\librt.a(__arm_eabi_init.o)
 .debug_line    0x00000000      0x107 C:/NXP/S32DS_ARM_v2.2/S32DS/build_tools/gcc_v4.9/arm_ewl2/lib/armv7e-m\librt.a(__arm_eabi_init.o)
 .debug_str     0x00000000      0x2be C:/NXP/S32DS_ARM_v2.2/S32DS/build_tools/gcc_v4.9/arm_ewl2/lib/armv7e-m\librt.a(__arm_eabi_init.o)
 .comment       0x00000000       0x71 C:/NXP/S32DS_ARM_v2.2/S32DS/build_tools/gcc_v4.9/arm_ewl2/lib/armv7e-m\librt.a(__arm_eabi_init.o)
 .debug_frame   0x00000000       0xac C:/NXP/S32DS_ARM_v2.2/S32DS/build_tools/gcc_v4.9/arm_ewl2/lib/armv7e-m\librt.a(__arm_eabi_init.o)
 .ARM.attributes
                0x00000000       0x33 C:/NXP/S32DS_ARM_v2.2/S32DS/build_tools/gcc_v4.9/arm_ewl2/lib/armv7e-m\librt.a(__arm_eabi_init.o)
 .text          0x00000000        0x0 C:/NXP/S32DS_ARM_v2.2/S32DS/build_tools/gcc_v4.9/arm_ewl2/lib/armv7e-m\librt.a(ROMCopy.o)
 .data          0x00000000        0x0 C:/NXP/S32DS_ARM_v2.2/S32DS/build_tools/gcc_v4.9/arm_ewl2/lib/armv7e-m\librt.a(ROMCopy.o)
 .bss           0x00000000        0x0 C:/NXP/S32DS_ARM_v2.2/S32DS/build_tools/gcc_v4.9/arm_ewl2/lib/armv7e-m\librt.a(ROMCopy.o)
 .text.__flush_cache
                0x00000000        0x2 C:/NXP/S32DS_ARM_v2.2/S32DS/build_tools/gcc_v4.9/arm_ewl2/lib/armv7e-m\librt.a(ROMCopy.o)
 .text.__copy_rom_section
                0x00000000       0x42 C:/NXP/S32DS_ARM_v2.2/S32DS/build_tools/gcc_v4.9/arm_ewl2/lib/armv7e-m\librt.a(ROMCopy.o)
 .text.__copy_rom_sections_to_ram
                0x00000000       0x28 C:/NXP/S32DS_ARM_v2.2/S32DS/build_tools/gcc_v4.9/arm_ewl2/lib/armv7e-m\librt.a(ROMCopy.o)
 .debug_info    0x00000000      0x20e C:/NXP/S32DS_ARM_v2.2/S32DS/build_tools/gcc_v4.9/arm_ewl2/lib/armv7e-m\librt.a(ROMCopy.o)
 .debug_abbrev  0x00000000      0x11f C:/NXP/S32DS_ARM_v2.2/S32DS/build_tools/gcc_v4.9/arm_ewl2/lib/armv7e-m\librt.a(ROMCopy.o)
 .debug_loc     0x00000000       0xb3 C:/NXP/S32DS_ARM_v2.2/S32DS/build_tools/gcc_v4.9/arm_ewl2/lib/armv7e-m\librt.a(ROMCopy.o)
 .debug_aranges
                0x00000000       0x30 C:/NXP/S32DS_ARM_v2.2/S32DS/build_tools/gcc_v4.9/arm_ewl2/lib/armv7e-m\librt.a(ROMCopy.o)
 .debug_line    0x00000000       0x9e C:/NXP/S32DS_ARM_v2.2/S32DS/build_tools/gcc_v4.9/arm_ewl2/lib/armv7e-m\librt.a(ROMCopy.o)
 .debug_str     0x00000000      0x23c C:/NXP/S32DS_ARM_v2.2/S32DS/build_tools/gcc_v4.9/arm_ewl2/lib/armv7e-m\librt.a(ROMCopy.o)
 .comment       0x00000000       0x71 C:/NXP/S32DS_ARM_v2.2/S32DS/build_tools/gcc_v4.9/arm_ewl2/lib/armv7e-m\librt.a(ROMCopy.o)
 .debug_frame   0x00000000       0x48 C:/NXP/S32DS_ARM_v2.2/S32DS/build_tools/gcc_v4.9/arm_ewl2/lib/armv7e-m\librt.a(ROMCopy.o)
 .ARM.attributes
                0x00000000       0x33 C:/NXP/S32DS_ARM_v2.2/S32DS/build_tools/gcc_v4.9/arm_ewl2/lib/armv7e-m\librt.a(ROMCopy.o)
 .text          0x00000000        0x0 C:/NXP/S32DS_ARM_v2.2/S32DS/build_tools/gcc_v4.9/arm_ewl2/lib/armv7e-m/__arm_end.o
 .data          0x00000000        0x0 C:/NXP/S32DS_ARM_v2.2/S32DS/build_tools/gcc_v4.9/arm_ewl2/lib/armv7e-m/__arm_end.o
 .bss           0x00000000        0x0 C:/NXP/S32DS_ARM_v2.2/S32DS/build_tools/gcc_v4.9/arm_ewl2/lib/armv7e-m/__arm_end.o
 .text._ExitProcess
                0x00000000        0x2 C:/NXP/S32DS_ARM_v2.2/S32DS/build_tools/gcc_v4.9/arm_ewl2/lib/armv7e-m/__arm_end.o
 .debug_info    0x00000000       0x4e C:/NXP/S32DS_ARM_v2.2/S32DS/build_tools/gcc_v4.9/arm_ewl2/lib/armv7e-m/__arm_end.o
 .debug_abbrev  0x00000000       0x4a C:/NXP/S32DS_ARM_v2.2/S32DS/build_tools/gcc_v4.9/arm_ewl2/lib/armv7e-m/__arm_end.o
 .debug_aranges
                0x00000000       0x20 C:/NXP/S32DS_ARM_v2.2/S32DS/build_tools/gcc_v4.9/arm_ewl2/lib/armv7e-m/__arm_end.o
 .debug_line    0x00000000       0x44 C:/NXP/S32DS_ARM_v2.2/S32DS/build_tools/gcc_v4.9/arm_ewl2/lib/armv7e-m/__arm_end.o
 .debug_str     0x00000000      0x1b0 C:/NXP/S32DS_ARM_v2.2/S32DS/build_tools/gcc_v4.9/arm_ewl2/lib/armv7e-m/__arm_end.o
 .comment       0x00000000       0x71 C:/NXP/S32DS_ARM_v2.2/S32DS/build_tools/gcc_v4.9/arm_ewl2/lib/armv7e-m/__arm_end.o
 .debug_frame   0x00000000       0x20 C:/NXP/S32DS_ARM_v2.2/S32DS/build_tools/gcc_v4.9/arm_ewl2/lib/armv7e-m/__arm_end.o
 .ARM.attributes
                0x00000000       0x33 C:/NXP/S32DS_ARM_v2.2/S32DS/build_tools/gcc_v4.9/arm_ewl2/lib/armv7e-m/__arm_end.o

Memory Configuration

Name             Origin             Length             Attributes
m_interrupts     0x00000000         0x00000400         xr
m_flash_config   0x00000400         0x00000010         xr
m_text           0x00000410         0x000ffbf0         xr
m_data           0x1fff0000         0x00010000         rw
m_data_2         0x20000000         0x0000f000         rw
*default*        0x00000000         0xffffffff

Linker script and memory map

LOAD C:/NXP/S32DS_ARM_v2.2/S32DS/build_tools/gcc_v4.9/arm_ewl2/lib/armv7e-m/__arm_start.o
LOAD ./Project_Settings/Startup_Code/startup.o
LOAD ./Project_Settings/Startup_Code/startup_S32K146.o
LOAD ./Project_Settings/Startup_Code/system_S32K146.o
LOAD ./src/main.o
START GROUP
LOAD C:/NXP/S32DS_ARM_v2.2/S32DS/build_tools/gcc_v4.9/arm_ewl2/lib/armv7e-m\libc99.a
LOAD C:/NXP/S32DS_ARM_v2.2/S32DS/build_tools/gcc_v4.9/arm_ewl2/lib/armv7e-m\libm.a
LOAD c:/nxp/s32ds_arm_v2.2/s32ds/build_tools/gcc_v4.9/gcc-arm-none-eabi-4_9/bin/../lib/gcc/arm-none-eabi/4.9.3/armv7e-m\libgcc.a
LOAD C:/NXP/S32DS_ARM_v2.2/S32DS/build_tools/gcc_v4.9/arm_ewl2/lib/armv7e-m\librt.a
LOAD C:/NXP/S32DS_ARM_v2.2/S32DS/build_tools/gcc_v4.9/arm_ewl2/lib/armv7e-m\libnoio.a
END GROUP
LOAD C:/NXP/S32DS_ARM_v2.2/S32DS/build_tools/gcc_v4.9/arm_ewl2/lib/armv7e-m/__arm_end.o
                0x00000400                HEAP_SIZE = DEFINED (__heap_size__)?__heap_size__:0x400
                0x00000400                STACK_SIZE = DEFINED (__stack_size__)?__stack_size__:0x400
                0x00000400                M_VECTOR_RAM_SIZE = DEFINED (__flash_vector_table__)?0x0:0x400

.interrupts     0x00000000      0x400
                0x00000000                __VECTOR_TABLE = .
                0x00000000                . = ALIGN (0x4)
 *(.isr_vector)
 .isr_vector    0x00000000      0x400 ./Project_Settings/Startup_Code/startup_S32K146.o
                0x00000000                __isr_vector
                0x00000400                . = ALIGN (0x4)

.flash_config   0x00000400       0x10
                0x00000400                . = ALIGN (0x4)
 *(.FlashConfig)
 .FlashConfig   0x00000400       0x10 ./Project_Settings/Startup_Code/startup_S32K146.o
                0x00000410                . = ALIGN (0x4)

.text           0x00000410      0xd54
                0x00000410                . = ALIGN (0x4)
 *(.text)
 .text          0x00000410       0x44 ./Project_Settings/Startup_Code/startup_S32K146.o
                0x00000410                Reset_Handler
                0x00000450                FTM5_Ch2_Ch3_IRQHandler
                0x00000450                DebugMon_Handler
                0x00000450                Reserved88_IRQHandler
                0x00000450                CAN0_ORed_IRQHandler
                0x00000450                HardFault_Handler
                0x00000450                Reserved86_IRQHandler
                0x00000450                Reserved103_IRQHandler
                0x00000450                SysTick_Handler
                0x00000450                FTM2_Ovf_Reload_IRQHandler
                0x00000450                Reserved50_IRQHandler
                0x00000450                FTFC_Fault_IRQHandler
                0x00000450                FTM0_Ch6_Ch7_IRQHandler
                0x00000450                Reserved114_IRQHandler
                0x00000450                PendSV_Handler
                0x00000450                NMI_Handler
                0x00000450                Reserved89_IRQHandler
                0x00000450                ERM_double_fault_IRQHandler
                0x00000450                DMA2_IRQHandler
                0x00000450                Reserved59_IRQHandler
                0x00000450                LPIT0_Ch0_IRQHandler
                0x00000450                Reserved99_IRQHandler
                0x00000450                FTM3_Ch6_Ch7_IRQHandler
                0x00000450                CAN2_ORed_0_15_MB_IRQHandler
                0x00000450                LPIT0_Ch3_IRQHandler
                0x00000450                Reserved92_IRQHandler
                0x00000450                FTM0_Ch4_Ch5_IRQHandler
                0x00000450                CAN1_Error_IRQHandler
                0x00000450                FTM4_Ch6_Ch7_IRQHandler
                0x00000450                FTM3_Ch0_Ch1_IRQHandler
                0x00000450                SWI_IRQHandler
                0x00000450                ADC0_IRQHandler
                0x00000450                FTM2_Ch4_Ch5_IRQHandler
                0x00000450                UsageFault_Handler
                0x00000450                FTM0_Ovf_Reload_IRQHandler
                0x00000450                FTM4_Fault_IRQHandler
                0x00000450                DefaultISR
                0x00000450                DMA9_IRQHandler
                0x00000450                Reserved58_IRQHandler
                0x00000450                CAN1_ORed_0_15_MB_IRQHandler
                0x00000450                FTM1_Ch2_Ch3_IRQHandler
                0x00000450                DMA14_IRQHandler
                0x00000450                Reserved82_IRQHandler
                0x00000450                CAN0_ORed_16_31_MB_IRQHandler
                0x00000450                LPI2C0_Slave_IRQHandler
                0x00000450                Reserved71_IRQHandler
                0x00000450                PORTD_IRQHandler
                0x00000450                Reserved69_IRQHandler
                0x00000450                PORTB_IRQHandler
                0x00000450                Reserved70_IRQHandler
                0x00000450                ADC1_IRQHandler
                0x00000450                FTM2_Ch2_Ch3_IRQHandler
                0x00000450                FTM5_Ch0_Ch1_IRQHandler
                0x00000450                Reserved53_IRQHandler
                0x00000450                DMA5_IRQHandler
                0x00000450                RTC_IRQHandler
                0x00000450                PDB0_IRQHandler
                0x00000450                Reserved54_IRQHandler
                0x00000450                FTM2_Ch6_Ch7_IRQHandler
                0x00000450                FTM3_Ch2_Ch3_IRQHandler
                0x00000450                FTM2_Ch0_Ch1_IRQHandler
                0x00000450                LPSPI1_IRQHandler
                0x00000450                LPUART1_RxTx_IRQHandler
                0x00000450                FTM4_Ovf_Reload_IRQHandler
                0x00000450                RTC_Seconds_IRQHandler
                0x00000450                CAN2_ORed_IRQHandler
                0x00000450                Reserved72_IRQHandler
                0x00000450                Reserved110_IRQHandler
                0x00000450                DMA11_IRQHandler
                0x00000450                Reserved107_IRQHandler
                0x00000450                Read_Collision_IRQHandler
                0x00000450                CAN2_Error_IRQHandler
                0x00000450                FTFC_IRQHandler
                0x00000450                DMA7_IRQHandler
                0x00000450                FTM1_Ch6_Ch7_IRQHandler
                0x00000450                FTM5_Fault_IRQHandler
                0x00000450                LPIT0_Ch1_IRQHandler
                0x00000450                FTM4_Ch0_Ch1_IRQHandler
                0x00000450                FTM1_Ch4_Ch5_IRQHandler
                0x00000450                FTM3_Ovf_Reload_IRQHandler
                0x00000450                LPUART2_RxTx_IRQHandler
                0x00000450                FTM5_Ch4_Ch5_IRQHandler
                0x00000450                LPSPI0_IRQHandler
                0x00000450                WDOG_EWM_IRQHandler
                0x00000450                MemManage_Handler
                0x00000450                Reserved90_IRQHandler
                0x00000450                Reserved83_IRQHandler
                0x00000450                FTM0_Fault_IRQHandler
                0x00000450                Reserved48_IRQHandler
                0x00000450                SVC_Handler
                0x00000450                ERM_single_fault_IRQHandler
                0x00000450                FTM2_Fault_IRQHandler
                0x00000450                FTM0_Ch2_Ch3_IRQHandler
                0x00000450                DMA13_IRQHandler
                0x00000450                FTM4_Ch2_Ch3_IRQHandler
                0x00000450                FTM0_Ch0_Ch1_IRQHandler
                0x00000450                FTM4_Ch4_Ch5_IRQHandler
                0x00000450                FTM5_Ovf_Reload_IRQHandler
                0x00000450                FTM3_Fault_IRQHandler
                0x00000450                RCM_IRQHandler
                0x00000450                DMA3_IRQHandler
                0x00000450                Reserved100_IRQHandler
                0x00000450                DMA0_IRQHandler
                0x00000450                Reserved91_IRQHandler
                0x00000450                CAN1_ORed_IRQHandler
                0x00000450                DMA15_IRQHandler
                0x00000450                SCG_IRQHandler
                0x00000450                PDB1_IRQHandler
                0x00000450                Reserved81_IRQHandler
                0x00000450                Reserved46_IRQHandler
                0x00000450                Reserved45_IRQHandler
                0x00000450                CAN0_Error_IRQHandler
                0x00000450                Reserved112_IRQHandler
                0x00000450                LPI2C0_Master_IRQHandler
                0x00000450                DMA4_IRQHandler
                0x00000450                FTM1_Fault_IRQHandler
                0x00000450                Reserved106_IRQHandler
                0x00000450                DMA_Error_IRQHandler
                0x00000450                LVD_LVW_IRQHandler
                0x00000450                LPIT0_Ch2_IRQHandler
                0x00000450                PORTA_IRQHandler
                0x00000450                FTM5_Ch6_Ch7_IRQHandler
                0x00000450                CAN1_ORed_16_31_MB_IRQHandler
                0x00000450                MCM_IRQHandler
                0x00000450                LPSPI2_IRQHandler
                0x00000450                DMA12_IRQHandler
                0x00000450                FTM3_Ch4_Ch5_IRQHandler
                0x00000450                CAN0_ORed_0_15_MB_IRQHandler
                0x00000450                PORTE_IRQHandler
                0x00000450                LPUART0_RxTx_IRQHandler
                0x00000450                LPTMR0_IRQHandler
                0x00000450                BusFault_Handler
                0x00000450                Reserved87_IRQHandler
                0x00000450                FTM1_Ovf_Reload_IRQHandler
                0x00000450                DMA8_IRQHandler
                0x00000450                Reserved93_IRQHandler
                0x00000450                DMA10_IRQHandler
                0x00000450                CAN0_Wake_Up_IRQHandler
                0x00000450                CMP0_IRQHandler
                0x00000450                Reserved52_IRQHandler
                0x00000450                PORTC_IRQHandler
                0x00000450                DMA6_IRQHandler
                0x00000450                FTM1_Ch0_Ch1_IRQHandler
                0x00000450                FLEXIO_IRQHandler
                0x00000450                DMA1_IRQHandler
                0x00000450                Reserved113_IRQHandler
 .text          0x00000454      0x21c c:/nxp/s32ds_arm_v2.2/s32ds/build_tools/gcc_v4.9/gcc-arm-none-eabi-4_9/bin/../lib/gcc/arm-none-eabi/4.9.3/armv7e-m\libgcc.a(_arm_addsubsf3.o)
                0x00000454                __aeabi_frsub
                0x0000045c                __subsf3
                0x0000045c                __aeabi_fsub
                0x00000460                __aeabi_fadd
                0x00000460                __addsf3
                0x000005c0                __aeabi_ui2f
                0x000005c0                __floatunsisf
                0x000005c8                __aeabi_i2f
                0x000005c8                __floatsisf
                0x000005e4                __aeabi_ul2f
                0x000005e4                __floatundisf
                0x000005f4                __aeabi_l2f
                0x000005f4                __floatdisf
 .text          0x00000670      0x2a0 c:/nxp/s32ds_arm_v2.2/s32ds/build_tools/gcc_v4.9/gcc-arm-none-eabi-4_9/bin/../lib/gcc/arm-none-eabi/4.9.3/armv7e-m\libgcc.a(_arm_muldivsf3.o)
                0x00000670                __mulsf3
                0x00000670                __aeabi_fmul
                0x000007d8                __aeabi_fdiv
                0x000007d8                __divsf3
 .text          0x00000910       0x40 c:/nxp/s32ds_arm_v2.2/s32ds/build_tools/gcc_v4.9/gcc-arm-none-eabi-4_9/bin/../lib/gcc/arm-none-eabi/4.9.3/armv7e-m\libgcc.a(_arm_fixunssfsi.o)
                0x00000910                __fixunssfsi
                0x00000910                __aeabi_f2uiz
 *(.text*)
 .text.init_data_bss
                0x00000950      0x110 ./Project_Settings/Startup_Code/startup.o
                0x00000950                init_data_bss
 .text.SystemInit
                0x00000a60       0x30 ./Project_Settings/Startup_Code/system_S32K146.o
                0x00000a60                SystemInit
 .text.WDOG_disable
                0x00000a90       0x2c ./src/main.o
                0x00000a90                WDOG_disable
 .text.Dec2Bin_8bit
                0x00000abc       0x48 ./src/main.o
                0x00000abc                Dec2Bin_8bit
 .text.L112DEC  0x00000b04       0xc8 ./src/main.o
                0x00000b04                L112DEC
 .text.SCLSetDirectionFunc
                0x00000bcc       0x38 ./src/main.o
                0x00000bcc                SCLSetDirectionFunc
 .text.SDASetDirectionFunc
                0x00000c04       0x38 ./src/main.o
                0x00000c04                SDASetDirectionFunc
 .text.Delay    0x00000c3c       0x24 ./src/main.o
                0x00000c3c                Delay
 .text.StartI2C_YYS
                0x00000c60       0x3c ./src/main.o
                0x00000c60                StartI2C_YYS
 .text.StopI2C  0x00000c9c       0x38 ./src/main.o
                0x00000c9c                StopI2C
 .text.I2C_Write_SDC
                0x00000cd4      0x110 ./src/main.o
                0x00000cd4                I2C_Write_SDC
 .text.I2C_Read_SDC
                0x00000de4      0x138 ./src/main.o
                0x00000de4                I2C_Read_SDC
 .text.main     0x00000f1c      0x248 ./src/main.o
                0x00000f1c                main
 *(.rodata)
 *(.rodata*)
 *(.glue_7)
 .glue_7        0x00000000        0x0 linker stubs
 *(.glue_7t)
 .glue_7t       0x00000000        0x0 linker stubs
 *(.eh_frame)
 *(.init)
 *(.fini)
                0x00001164                . = ALIGN (0x4)

.vfp11_veneer   0x00001164        0x0
 .vfp11_veneer  0x00000000        0x0 linker stubs

.v4_bx          0x00001164        0x0
 .v4_bx         0x00000000        0x0 linker stubs

.iplt           0x00001164        0x0
 .iplt          0x00000000        0x0 C:/NXP/S32DS_ARM_v2.2/S32DS/build_tools/gcc_v4.9/arm_ewl2/lib/armv7e-m/__arm_start.o

.rel.dyn        0x00001164        0x0
 .rel.iplt      0x00000000        0x0 C:/NXP/S32DS_ARM_v2.2/S32DS/build_tools/gcc_v4.9/arm_ewl2/lib/armv7e-m/__arm_start.o

.ARM.extab
 *(.ARM.extab* .gnu.linkonce.armextab.*)

.ARM            0x00001164        0x0
                0x00001164                __exidx_start = .
 *(.ARM.exidx*)
                0x00001164                __exidx_end = .

.ctors          0x00001164        0x0
                0x00001164                __CTOR_LIST__ = .
 *crtbegin.o(.ctors)
 *crtbegin?.o(.ctors)
 *(EXCLUDE_FILE(*crtend.o *crtend?.o) .ctors)
 *(SORT(.ctors.*))
 *(.ctors)
                0x00001164                __CTOR_END__ = .

.dtors          0x00001164        0x0
                0x00001164                __DTOR_LIST__ = .
 *crtbegin.o(.dtors)
 *crtbegin?.o(.dtors)
 *(EXCLUDE_FILE(*crtend.o *crtend?.o) .dtors)
 *(SORT(.dtors.*))
 *(.dtors)
                0x00001164                __DTOR_END__ = .

.preinit_array  0x00001164        0x0
                0x00001164                PROVIDE (__preinit_array_start, .)
 *(.preinit_array*)
                0x00001164                PROVIDE (__preinit_array_end, .)

.init_array     0x00001164        0x0
                0x00001164                PROVIDE (__init_array_start, .)
 *(SORT(.init_array.*))
 *(.init_array*)
                0x00001164                PROVIDE (__init_array_end, .)

.fini_array     0x00001164        0x0
                0x00001164                PROVIDE (__fini_array_start, .)
 *(SORT(.fini_array.*))
 *(.fini_array*)
                0x00001164                PROVIDE (__fini_array_end, .)
                0x00001164                __etext = .
                0x00001164                __DATA_ROM = .

.interrupts_ram
                0x1fff0000      0x400
                0x1fff0000                . = ALIGN (0x4)
                0x1fff0000                __VECTOR_RAM__ = .
                0x1fff0000                __interrupts_ram_start__ = .
 *(.m_interrupts_ram)
                0x1fff0400                . = (. + M_VECTOR_RAM_SIZE)
 *fill*         0x1fff0000      0x400 
                0x1fff0400                . = ALIGN (0x4)
                0x1fff0400                __interrupts_ram_end__ = .
                0x1fff0000                __VECTOR_RAM = DEFINED (__flash_vector_table__)?ORIGIN (m_interrupts):__VECTOR_RAM__
                0x00000400                __RAM_VECTOR_TABLE_SIZE = DEFINED (__flash_vector_table__)?0x0:(__interrupts_ram_end__ - __interrupts_ram_start__)

.data           0x1fff0400        0xc load address 0x00001164
                0x1fff0400                . = ALIGN (0x4)
                0x1fff0400                __DATA_RAM = .
                0x1fff0400                __data_start__ = .
 *(.data)
 *(.data*)
 .data.Command  0x1fff0400        0x1 ./src/main.o
                0x1fff0400                Command
 *fill*         0x1fff0401        0x3 
 .data.p_fre    0x1fff0404        0x4 ./src/main.o
                0x1fff0404                p_fre
 .data.ChildAddress
                0x1fff0408        0x1 ./src/main.o
                0x1fff0408                ChildAddress
 *(.jcr*)
                0x1fff040c                . = ALIGN (0x4)
 *fill*         0x1fff0409        0x3 
                0x1fff040c                __data_end__ = .
                0x00001170                __DATA_END = (__DATA_ROM + (__data_end__ - __data_start__))
                0x00001170                __CODE_ROM = __DATA_END

.igot.plt       0x1fff040c        0x0 load address 0x00001170
 .igot.plt      0x00000000        0x0 C:/NXP/S32DS_ARM_v2.2/S32DS/build_tools/gcc_v4.9/arm_ewl2/lib/armv7e-m/__arm_start.o

.code           0x1fff040c        0x0 load address 0x00001170
                0x1fff040c                . = ALIGN (0x4)
                0x1fff040c                __CODE_RAM = .
                0x1fff040c                __code_start__ = .
 *(.code_ram)
                0x1fff040c                . = ALIGN (0x4)
                0x1fff040c                __code_end__ = .
                0x00001170                __CODE_END = (__CODE_ROM + (__code_end__ - __code_start__))

.customSectionBlock
 *(.customSection)

.bss            0x20000000       0x38
                0x20000000                . = ALIGN (0x4)
                0x20000000                __BSS_START = .
                0x20000000                __bss_start__ = .
 *(.bss)
 *(.bss*)
 .bss.nack_fg   0x20000000        0x4 ./src/main.o
                0x20000000                nack_fg
 .bss.ack_check
                0x20000004        0xc ./src/main.o
                0x20000004                ack_check
 .bss.test      0x20000010        0x4 ./src/main.o
                0x20000010                test
 .bss.test_old  0x20000014        0x4 ./src/main.o
                0x20000014                test_old
 .bss.dataByteLow
                0x20000018        0x1 ./src/main.o
                0x20000018                dataByteLow
 .bss.dataByteHigh
                0x20000019        0x1 ./src/main.o
                0x20000019                dataByteHigh
 *fill*         0x2000001a        0x2 
 .bss.TempData  0x2000001c        0x4 ./src/main.o
                0x2000001c                TempData
 .bss.p         0x20000020        0x4 ./src/main.o
                0x20000020                p
 .bss.bit_7_fg  0x20000024        0x4 ./src/main.o
                0x20000024                bit_7_fg
 *(COMMON)
 COMMON         0x20000028       0x10 ./src/main.o
                0x20000028                dataByteHigh_Bin
                0x20000030                dataByteLow_Bin
                0x20000038                . = ALIGN (0x4)
                0x20000038                __bss_end__ = .
                0x20000038                __BSS_END = .

.heap           0x20000038      0x400
                0x20000038                . = ALIGN (0x8)
                0x20000038                __end__ = .
                0x20000038                PROVIDE (end, .)
                0x20000038                PROVIDE (_end, .)
                0x20000038                PROVIDE (__end, .)
                0x20000038                __HeapBase = .
                0x20000438                . = (. + HEAP_SIZE)
 *fill*         0x20000038      0x400 
                0x20000438                __HeapLimit = .
                0x20000438                __heap_limit = .

.stack          0x20000438      0x400
                0x20000438                . = ALIGN (0x8)
                0x20000838                . = (. + STACK_SIZE)
 *fill*         0x20000438      0x400 
                0x2000f000                __StackTop = (ORIGIN (m_data_2) + 0xf000)
                0x2000ec00                __StackLimit = (__StackTop - STACK_SIZE)
                0x2000f000                PROVIDE (__stack, __StackTop)

.ARM.attributes
                0x00000000       0x31
 *(.ARM.attributes)
 .ARM.attributes
                0x00000000       0x33 ./Project_Settings/Startup_Code/startup.o
 .ARM.attributes
                0x00000033       0x1b ./Project_Settings/Startup_Code/startup_S32K146.o
 .ARM.attributes
                0x0000004e       0x33 ./Project_Settings/Startup_Code/system_S32K146.o
 .ARM.attributes
                0x00000081       0x33 ./src/main.o
 .ARM.attributes
                0x000000b4       0x1e c:/nxp/s32ds_arm_v2.2/s32ds/build_tools/gcc_v4.9/gcc-arm-none-eabi-4_9/bin/../lib/gcc/arm-none-eabi/4.9.3/armv7e-m\libgcc.a(_arm_addsubsf3.o)
 .ARM.attributes
                0x000000d2       0x1e c:/nxp/s32ds_arm_v2.2/s32ds/build_tools/gcc_v4.9/gcc-arm-none-eabi-4_9/bin/../lib/gcc/arm-none-eabi/4.9.3/armv7e-m\libgcc.a(_arm_muldivsf3.o)
 .ARM.attributes
                0x000000f0       0x1e c:/nxp/s32ds_arm_v2.2/s32ds/build_tools/gcc_v4.9/gcc-arm-none-eabi-4_9/bin/../lib/gcc/arm-none-eabi/4.9.3/armv7e-m\libgcc.a(_arm_fixunssfsi.o)
                0x00000001                ASSERT ((__StackLimit >= __HeapLimit), region m_data_2 overflowed with stack and heap)
OUTPUT(S32K146_Project_Hello.elf elf32-littlearm)

.debug_info     0x00000000     0x1050
 .debug_info    0x00000000      0x41d ./Project_Settings/Startup_Code/startup.o
 .debug_info    0x0000041d       0x92 ./Project_Settings/Startup_Code/startup_S32K146.o
 .debug_info    0x000004af      0x500 ./Project_Settings/Startup_Code/system_S32K146.o
 .debug_info    0x000009af      0x6a1 ./src/main.o

.debug_abbrev   0x00000000      0x418
 .debug_abbrev  0x00000000      0x101 ./Project_Settings/Startup_Code/startup.o
 .debug_abbrev  0x00000101       0x14 ./Project_Settings/Startup_Code/startup_S32K146.o
 .debug_abbrev  0x00000115      0x118 ./Project_Settings/Startup_Code/system_S32K146.o
 .debug_abbrev  0x0000022d      0x1eb ./src/main.o

.debug_aranges  0x00000000       0xe8
 .debug_aranges
                0x00000000       0x20 ./Project_Settings/Startup_Code/startup.o
 .debug_aranges
                0x00000020       0x20 ./Project_Settings/Startup_Code/startup_S32K146.o
 .debug_aranges
                0x00000040       0x30 ./Project_Settings/Startup_Code/system_S32K146.o
 .debug_aranges
                0x00000070       0x78 ./src/main.o

.debug_ranges   0x00000000       0x98
 .debug_ranges  0x00000000       0x10 ./Project_Settings/Startup_Code/startup.o
 .debug_ranges  0x00000010       0x20 ./Project_Settings/Startup_Code/system_S32K146.o
 .debug_ranges  0x00000030       0x68 ./src/main.o

.debug_macro    0x00000000    0x10c25
 .debug_macro   0x00000000       0xe9 ./Project_Settings/Startup_Code/startup.o
 .debug_macro   0x000000e9      0x868 ./Project_Settings/Startup_Code/startup.o
 .debug_macro   0x00000951       0x52 ./Project_Settings/Startup_Code/startup.o
 .debug_macro   0x000009a3       0xa0 ./Project_Settings/Startup_Code/startup.o
 .debug_macro   0x00000a43       0x16 ./Project_Settings/Startup_Code/startup.o
 .debug_macro   0x00000a59       0x10 ./Project_Settings/Startup_Code/startup.o
 .debug_macro   0x00000a69       0x6d ./Project_Settings/Startup_Code/startup.o
 .debug_macro   0x00000ad6       0x16 ./Project_Settings/Startup_Code/startup.o
 .debug_macro   0x00000aec       0x5e ./Project_Settings/Startup_Code/startup.o
 .debug_macro   0x00000b4a      0x185 ./Project_Settings/Startup_Code/startup.o
 .debug_macro   0x00000ccf      0x147 ./Project_Settings/Startup_Code/startup.o
 .debug_macro   0x00000e16       0x9d ./Project_Settings/Startup_Code/startup.o
 .debug_macro   0x00000eb3       0x10 ./Project_Settings/Startup_Code/startup.o
 .debug_macro   0x00000ec3      0x15b ./Project_Settings/Startup_Code/startup.o
 .debug_macro   0x0000101e       0x28 ./Project_Settings/Startup_Code/startup.o
 .debug_macro   0x00001046       0x58 ./Project_Settings/Startup_Code/startup.o
 .debug_macro   0x0000109e     0xeeef ./Project_Settings/Startup_Code/startup.o
 .debug_macro   0x0000ff8d      0xa11 ./Project_Settings/Startup_Code/startup.o
 .debug_macro   0x0001099e       0x22 ./Project_Settings/Startup_Code/startup.o
 .debug_macro   0x000109c0       0xe8 ./Project_Settings/Startup_Code/system_S32K146.o
 .debug_macro   0x00010aa8       0x28 ./Project_Settings/Startup_Code/system_S32K146.o
 .debug_macro   0x00010ad0      0x155 ./src/main.o

.debug_line     0x00000000      0xa2a
 .debug_line    0x00000000      0x28d ./Project_Settings/Startup_Code/startup.o
 .debug_line    0x0000028d       0x83 ./Project_Settings/Startup_Code/startup_S32K146.o
 .debug_line    0x00000310      0x2c3 ./Project_Settings/Startup_Code/system_S32K146.o
 .debug_line    0x000005d3      0x457 ./src/main.o

.debug_str      0x00000000    0x6a2cb
 .debug_str     0x00000000    0x69c61 ./Project_Settings/Startup_Code/startup.o
                              0x69cf1 (size before relaxing)
 .debug_str     0x00069c61      0x1f3 ./Project_Settings/Startup_Code/system_S32K146.o
                              0x69dbb (size before relaxing)
 .debug_str     0x00069e54      0x477 ./src/main.o
                              0x69fba (size before relaxing)

.comment        0x00000000       0x70
 .comment       0x00000000       0x70 ./Project_Settings/Startup_Code/startup.o
                                 0x71 (size before relaxing)
 .comment       0x00000000       0x71 ./Project_Settings/Startup_Code/system_S32K146.o
 .comment       0x00000000       0x71 ./src/main.o

.debug_frame    0x00000000      0x264
 .debug_frame   0x00000000       0x38 ./Project_Settings/Startup_Code/startup.o
 .debug_frame   0x00000038       0x80 ./Project_Settings/Startup_Code/system_S32K146.o
 .debug_frame   0x000000b8      0x1ac ./src/main.o
